// Jest Snapshot v1, https://goo.gl/fbAQLP

exports[`should render EditExpensePage correctly 1`] = `
<div>
  <ExpenseForm
    expense={
      Object {
        "amount": 4.2,
        "createdAt": -345600000,
        "desc": "Coke",
        "id": "2",
        "note": "note2",
      }
    }
    handleExpense={[Function]}
  />
  <button
    onClick={[Function]}
  >
    Remove
  </button>
</div>
`;
