// Jest Snapshot v1, https://goo.gl/fbAQLP

exports[`should render correctly 1`] = `
<div
  className="page-header"
>
  <div
    className="content-container"
  >
    <h1
      className="page-header__title"
    >
      Viewing 
      <span>
        0
      </span>
       expense
       totalling 
      <span>
        $100.0
      </span>
    </h1>
    <div
      className="page-header__actions"
    >
      <Link
        className="button"
        to="/create"
      >
        Add Expense
      </Link>
    </div>
  </div>
</div>
`;
